[INFO] Scanning for projects...
[INFO] 
[INFO] -------------------------< com.amanah:banking >-------------------------
[INFO] Building amanah-banking 1.0.0
[INFO]   from pom.xml
[INFO] --------------------------------[ jar ]---------------------------------
[INFO] 
[INFO] --- clean:3.3.2:clean (default-clean) @ banking ---
[INFO] Deleting /app/target
[INFO] 
[INFO] --- resources:3.3.1:resources (default-resources) @ banking ---
[INFO] Copying 1 resource from src/main/resources to target/classes
[INFO] Copying 6 resources from src/main/resources to target/classes
[INFO] 
[INFO] --- compiler:3.11.0:compile (default-compile) @ banking ---
[INFO] Changes detected - recompiling the module! :source
[INFO] Compiling 44 source files with javac [debug release 21] to target/classes
[INFO] 
[INFO] --- resources:3.3.1:testResources (default-testResources) @ banking ---
[INFO] skip non existing resourceDirectory /app/src/test/resources
[INFO] 
[INFO] --- compiler:3.11.0:testCompile (default-testCompile) @ banking ---
[INFO] Changes detected - recompiling the module! :dependency
[INFO] Compiling 7 source files with javac [debug release 21] to target/test-classes
[INFO] 
[INFO] --- surefire:3.1.2:test (default-test) @ banking ---
[INFO] Using auto detected provider org.apache.maven.surefire.junitplatform.JUnitPlatformProvider
[INFO] 
[INFO] -------------------------------------------------------
[INFO]  T E S T S
[INFO] -------------------------------------------------------
[INFO] Running com.amanah.banking.migration.AdminSeedPasswordTest
[INFO] Tests run: 3, Failures: 0, Errors: 0, Skipped: 0, Time elapsed: 0.362 s -- in com.amanah.banking.migration.AdminSeedPasswordTest
[INFO] Running com.amanah.banking.security.JwtUtilTest
[INFO] Tests run: 3, Failures: 0, Errors: 0, Skipped: 0, Time elapsed: 1.252 s -- in com.amanah.banking.security.JwtUtilTest
[INFO] Running com.amanah.banking.service.AccountServiceTest
docker.exe : WARNING: A Java agent has been loaded dynamically (/root/.m2/repository/net/bytebuddy/byte-buddy-agent/1.14.13/byte-buddy-agent-1.14.13.jar)
At C:\Users\MSU\Desktop\amanah\_pkg3.ps1:2 char:7
+ $o = (& docker run --rm -v amanah-m2:/root/.m2 -v 'c:/Users/MSU/Deskt ...
+       ~~~~~~~~~~~~~~~~~~~~~~~~~~~~~~~~~~~~~~~~~~~~~~~~~~~~~~~~~~~~~~~
    + CategoryInfo          : NotSpecified: (WARNING: A Java...nt-1.14.13.jar):String) [], RemoteException
    + FullyQualifiedErrorId : NativeCommandError
 
WARNING: If a serviceability tool is in use, please run with -XX:+EnableDynamicAgentLoading to hide this warning
WARNING: If a serviceability tool is not in use, please run with -Djdk.instrument.traceUsage for more information
WARNING: Dynamic loading of agents will be disallowed by default in a future release
OpenJDK 64-Bit Server VM warning: Sharing is only supported for boot loader classes because bootstrap classpath has been appended
[INFO] Tests run: 5, Failures: 0, Errors: 0, Skipped: 0, Time elapsed: 2.872 s -- in com.amanah.banking.service.AccountServiceTest
[INFO] Running com.amanah.banking.service.AdminServiceTest
[INFO] Tests run: 4, Failures: 0, Errors: 0, Skipped: 0, Time elapsed: 0.047 s -- in com.amanah.banking.service.AdminServiceTest
[INFO] Running com.amanah.banking.service.AuthServiceTest
[INFO] Tests run: 6, Failures: 0, Errors: 0, Skipped: 0, Time elapsed: 0.260 s -- in com.amanah.banking.service.AuthServiceTest
[INFO] Running com.amanah.banking.service.TransactionServiceTest
[INFO] Tests run: 7, Failures: 0, Errors: 0, Skipped: 0, Time elapsed: 0.155 s -- in com.amanah.banking.service.TransactionServiceTest
[INFO] Running com.amanah.banking.util.GeneratorsTest
[INFO] Tests run: 5, Failures: 0, Errors: 0, Skipped: 0, Time elapsed: 0.025 s -- in com.amanah.banking.util.GeneratorsTest
[INFO] 
[INFO] Results:
[INFO] 
[INFO] Tests run: 33, Failures: 0, Errors: 0, Skipped: 0
[INFO] 
[INFO] 
[INFO] --- jar:3.3.0:jar (default-jar) @ banking ---
[INFO] Building jar: /app/target/banking-1.0.0.jar
[INFO] 
[INFO] --- spring-boot:3.2.5:repackage (repackage) @ banking ---
[INFO] Replacing main artifact /app/target/banking-1.0.0.jar with repackaged archive, adding nested dependencies in BOOT-INF/.
[INFO] The original artifact has been renamed to /app/target/banking-1.0.0.jar.original
[INFO] ------------------------------------------------------------------------
[INFO] BUILD SUCCESS
[INFO] ------------------------------------------------------------------------
[INFO] Total time:  18.308 s
[INFO] Finished at: 2026-09-24T06:24:21Z
[INFO] ------------------------------------------------------------------------

